../Drivers/CMSIS/Include/core_cm7.h:2229:22:SCB_EnableICache	4	static,ignoring_inline_asm
../Drivers/CMSIS/Include/core_cm7.h:2281:22:SCB_EnableDCache	24	static,ignoring_inline_asm
../Core/Src/main.c:86:5:main	8	static
../Core/Src/main.c:180:6:SystemClock_Config	88	static
../Core/Src/main.c:235:13:MX_USART3_UART_Init	8	static
../Core/Src/main.c:270:13:MX_GPIO_Init	56	static
../Core/Src/main.c:305:6:StartDefaultTask	24	static
../Core/Src/main.c:329:6:StartTask02	16	static
../Core/Src/main.c:343:6:MPU_Config	24	static
../Core/Src/main.c:392:6:Error_Handler	4	static,ignoring_inline_asm
