../Drivers/CMSIS/Include/core_cm7.h:2229:22:void SCB_EnableICache()	4	static,ignoring_inline_asm
../Drivers/CMSIS/Include/core_cm7.h:2281:22:void SCB_EnableDCache()	24	static,ignoring_inline_asm
../Core/Src/main.cpp:86:5:int main()	8	static
../Core/Src/main.cpp:180:6:void SystemClock_Config()	88	static
../Core/Src/main.cpp:235:13:void MX_USART3_UART_Init()	8	static
../Core/Src/main.cpp:270:13:void MX_GPIO_Init()	56	static
../Core/Src/main.cpp:305:6:void StartDefaultTask(void*)	24	static
../Core/Src/main.cpp:330:6:void StartTask02(void*)	16	static
../Core/Src/main.cpp:344:6:void MPU_Config()	24	static
../Core/Src/main.cpp:393:6:void Error_Handler()	4	static,ignoring_inline_asm
