../Drivers/CMSIS/Include/core_cm7.h:2229:22:void SCB_EnableICache()	4	static,ignoring_inline_asm
../Drivers/CMSIS/Include/core_cm7.h:2281:22:void SCB_EnableDCache()	24	static,ignoring_inline_asm
../Core/Src/main.cpp:66:6:void ethernetif_notify_conn_changed(netif*)	24	static
../Core/Src/main.cpp:93:5:int main()	8	static
../Core/Src/main.cpp:158:6:void SystemClock_Config()	88	static
../Core/Src/main.cpp:214:6:void MPU_Config()	24	static
../Core/Src/main.cpp:267:6:void HAL_TIM_PeriodElapsedCallback(TIM_HandleTypeDef*)	16	static
../Core/Src/main.cpp:284:6:void Error_Handler()	4	static,ignoring_inline_asm
